******************************************************************************
                  TI ARM Linker PC v20.2.7                     
******************************************************************************
>> Linked Thu Nov  7 13:02:46 2024

OUTPUT FILE NAME:   <course-project.out>
ENTRY POINT SYMBOL: "_c_int00_noargs"  address: 00002181


MEMORY CONFIGURATION

         name            origin    length      used     unused   attr    fill
----------------------  --------  ---------  --------  --------  ----  --------
  FLASH                 00000000   00040000  000023b9  0003dc47  R  X
  SRAM                  20000000   00008000  00000204  00007dfc  RW X


SEGMENT ALLOCATION MAP

run origin  load origin   length   init length attrs members
----------  ----------- ---------- ----------- ----- -------
00000000    00000000    000023c0   000023c0    r-x
  00000000    00000000    0000026c   0000026c    r-- .intvecs
  0000026c    0000026c    00002034   00002034    r-x .text
  000022a0    000022a0    00000101   00000101    r-- .const
  000023a8    000023a8    00000018   00000018    r-- .cinit
20000000    20000000    00000204   00000000    rw-
  20000000    20000000    00000200   00000000    rw- .stack
  20000200    20000200    00000004   00000000    rw- .data


SECTION ALLOCATION MAP

 output                                  attributes/
section   page    origin      length       input sections
--------  ----  ----------  ----------   ----------------
.intvecs   0    00000000    0000026c     
                  00000000    0000026c     tm4c1231h6pm_startup_ccs.obj (.intvecs)

.text      0    0000026c    00002034     
                  0000026c    00000a4e     rtsv7M4_T_le_v4SPD16_eabi.lib : _printfi.c.obj (.text:__TI_printfi)
                  00000cba    00000002                                   : div0.asm.obj (.text)
                  00000cbc    00000270                                   : _printfi.c.obj (.text:_pconv_a)
                  00000f2c    00000230     main.obj (.text)
                  0000115c    000001d0     rtsv7M4_T_le_v4SPD16_eabi.lib : _printfi.c.obj (.text:_pconv_g)
                  0000132c    000001b6                                   : fd_add_t2.asm.obj (.text)
                  000014e2    00000002     --HOLE-- [fill = 0]
                  000014e4    0000013c                                   : _printfi.c.obj (.text:_pconv_e)
                  00001620    00000136                                   : fd_div_t2.asm.obj (.text)
                  00001756    00000002     --HOLE-- [fill = 0]
                  00001758    00000124                                   : _printfi.c.obj (.text:fcvt)
                  0000187c    00000110                                   : s_scalbn.c.obj (.text:scalbn)
                  0000198c    000000fc                                   : fd_mul_t2.asm.obj (.text)
                  00001a88    000000b1                                   : _printfi.c.obj (.text:_ltostr)
                  00001b39    00000001     --HOLE-- [fill = 0]
                  00001b3a    0000009c                                   : memcpy_t2.asm.obj (.text)
                  00001bd6    00000096                                   : ull_div_t2.asm.obj (.text)
                  00001c6c    00000086                                   : fd_cmp_t2.asm.obj (.text:__aeabi_cdcmple)
                  00001cf2    00000086                                   : fd_cmp_t2.asm.obj (.text:__aeabi_cdrcmple)
                  00001d78    0000007a                                   : memset_t2.asm.obj (.text)
                  00001df2    0000006e                                   : _printfi.c.obj (.text:_mcpy)
                  00001e60    00000068                                   : copy_decompress_lzss.c.obj (.text:decompress:lzss:__TI_decompress_lzss)
                  00001ec8    00000064                                   : s_frexp.c.obj (.text:frexp)
                  00001f2c    00000056                                   : _printfi.c.obj (.text:_pconv_f)
                  00001f82    00000054                                   : _ltoa.c.obj (.text:__TI_ltoa)
                  00001fd6    00000052                                   : _printfi.c.obj (.text:_ecpy)
                  00002028    0000004c                                   : atoi.c.obj (.text:atoi)
                  00002074    00000048                                   : fd_toi_t2.asm.obj (.text)
                  000020bc    00000044                                   : autoinit.c.obj (.text:__TI_auto_init_nobinit_nopinit:__TI_auto_init_nobinit_nopinit)
                  00002100    00000040                                   : sprintf.c.obj (.text:sprintf)
                  00002140    0000003e                                   : _printfi.c.obj (.text:_fcpy)
                  0000217e    00000002     --HOLE-- [fill = 0]
                  00002180    00000034                                   : boot_cortex_m.c.obj (.text:_c_int00_noargs:_c_int00_noargs)
                  000021b4    0000002e                                   : i_tofd_t2.asm.obj (.text)
                  000021e2    0000001c                                   : memccpy.c.obj (.text:memccpy)
                  000021fe    0000001a                                   : s_copysign.c.obj (.text:copysign)
                  00002218    00000018                                   : sprintf.c.obj (.text:_outs)
                  00002230    00000016                                   : strchr.c.obj (.text:strchr)
                  00002246    00000014                                   : strlen.c.obj (.text:strlen)
                  0000225a    00000012                                   : wcslen.c.obj (.text:wcslen)
                  0000226c    0000000e                                   : copy_decompress_none.c.obj (.text:decompress:none:__TI_decompress_none)
                  0000227a    0000000c     tm4c1231h6pm_startup_ccs.obj (.text)
                  00002286    0000000a     rtsv7M4_T_le_v4SPD16_eabi.lib : sprintf.c.obj (.text:_outc)
                  00002290    00000008                                   : errno.c.obj (.text:__aeabi_errno_addr)
                  00002298    00000004                                   : pre_init.c.obj (.text:_system_pre_init)
                  0000229c    00000004                                   : exit.c.obj (.text:abort:abort)

.const     0    000022a0    00000101     
                  000022a0    00000101     rtsv7M4_T_le_v4SPD16_eabi.lib : ctype.c.obj (.const:.string:_ctypes_)

.cinit     0    000023a8    00000018     
                  000023a8    00000008     (__TI_handler_table)
                  000023b0    00000007     (.cinit..data.load) [load image, compression = lzss]
                  000023b7    00000001     --HOLE-- [fill = 0]
                  000023b8    00000008     (__TI_cinit_table)

.init_array 
*          0    00000000    00000000     UNINITIALIZED

.data      0    20000200    00000004     UNINITIALIZED
                  20000200    00000004     rtsv7M4_T_le_v4SPD16_eabi.lib : errno.c.obj (.data)

.stack     0    20000000    00000200     UNINITIALIZED
                  20000000    00000004     rtsv7M4_T_le_v4SPD16_eabi.lib : boot_cortex_m.c.obj (.stack)
                  20000004    000001fc     --HOLE--

__llvm_prf_cnts 
*          0    20000000    00000000     UNINITIALIZED

MODULE SUMMARY

       Module                         code   ro data   rw data
       ------                         ----   -------   -------
    .\
       tm4c1231h6pm_startup_ccs.obj   12     620       0      
       main.obj                       560    0         0      
    +--+------------------------------+------+---------+---------+
       Total:                         572    620       0      
                                                              
    C:\ti\ccs1271\ccs\tools\compiler\ti-cgt-arm_20.2.7.LTS\lib\rtsv7M4_T_le_v4SPD16_eabi.lib
       _printfi.c.obj                 4851   0         0      
       fd_add_t2.asm.obj              438    0         0      
       fd_div_t2.asm.obj              310    0         0      
       s_scalbn.c.obj                 272    0         0      
       fd_cmp_t2.asm.obj              268    0         0      
       ctype.c.obj                    0      257       0      
       fd_mul_t2.asm.obj              252    0         0      
       memcpy_t2.asm.obj              156    0         0      
       ull_div_t2.asm.obj             150    0         0      
       memset_t2.asm.obj              122    0         0      
       copy_decompress_lzss.c.obj     104    0         0      
       s_frexp.c.obj                  100    0         0      
       sprintf.c.obj                  98     0         0      
       _ltoa.c.obj                    84     0         0      
       atoi.c.obj                     76     0         0      
       fd_toi_t2.asm.obj              72     0         0      
       autoinit.c.obj                 68     0         0      
       boot_cortex_m.c.obj            52     0         0      
       i_tofd_t2.asm.obj              46     0         0      
       memccpy.c.obj                  28     0         0      
       s_copysign.c.obj               26     0         0      
       strchr.c.obj                   22     0         0      
       strlen.c.obj                   20     0         0      
       wcslen.c.obj                   18     0         0      
       copy_decompress_none.c.obj     14     0         0      
       errno.c.obj                    8      0         4      
       exit.c.obj                     4      0         0      
       pre_init.c.obj                 4      0         0      
       div0.asm.obj                   2      0         0      
    +--+------------------------------+------+---------+---------+
       Total:                         7665   257       4      
                                                              
       Stack:                         0      0         512    
       Linker Generated:              0      23        0      
    +--+------------------------------+------+---------+---------+
       Grand Total:                   8237   900       516    


LINKER GENERATED COPY TABLES

__TI_cinit_table @ 000023b8 records: 1, size/record: 8, table size: 8
	.data: load addr=000023b0, load size=00000007 bytes, run addr=20000200, run size=00000004 bytes, compression=lzss


LINKER GENERATED HANDLER TABLE

__TI_handler_table @ 000023a8 records: 2, size/record: 4, table size: 8
	index: 0, handler: __TI_decompress_lzss
	index: 1, handler: __TI_decompress_none


GLOBAL SYMBOLS: SORTED ALPHABETICALLY BY Name 

address   name                          
-------   ----                          
0000229d  C$$EXIT                       
00000f2d  I2C_Init                      
0000100f  MPU6050_Init                  
0000103f  MPU6050_ReadAxis              
0000227b  ResetISR                      
00000f7d  UART0_Init                    
00000fd7  UART0_WriteChar               
00000ff3  UART0_WriteString             
20000200  __STACK_END                   
00000200  __STACK_SIZE                  
20000200  __STACK_TOP                   
000023b8  __TI_CINIT_Base               
000023c0  __TI_CINIT_Limit              
000023a8  __TI_Handler_Table_Base       
000023b0  __TI_Handler_Table_Limit      
000020bd  __TI_auto_init_nobinit_nopinit
00001e61  __TI_decompress_lzss          
0000226d  __TI_decompress_none          
00001f83  __TI_ltoa                     
ffffffff  __TI_pprof_out_hndl           
0000026d  __TI_printfi                  
ffffffff  __TI_prof_data_size           
ffffffff  __TI_prof_data_start          
00000000  __TI_static_base__            
00001c6d  __aeabi_cdcmpeq               
00001c6d  __aeabi_cdcmple               
00001cf3  __aeabi_cdrcmple              
00002075  __aeabi_d2iz                  
00001337  __aeabi_dadd                  
00001621  __aeabi_ddiv                  
0000198d  __aeabi_dmul                  
0000132d  __aeabi_dsub                  
00002291  __aeabi_errno_addr            
000021b5  __aeabi_i2d                   
00000cbb  __aeabi_idiv0                 
00000cbb  __aeabi_ldiv0                 
00001d79  __aeabi_memclr                
00001d79  __aeabi_memclr4               
00001d79  __aeabi_memclr8               
00001b3b  __aeabi_memcpy                
00001b3b  __aeabi_memcpy4               
00001b3b  __aeabi_memcpy8               
00001d7b  __aeabi_memset                
00001d7b  __aeabi_memset4               
00001d7b  __aeabi_memset8               
00001bd7  __aeabi_uldivmod              
ffffffff  __binit__                     
ffffffff  __c_args__                    
UNDEFED   __mpu_init                    
20000000  __stack                       
20000000  __start___llvm_prf_cnts       
20000000  __stop___llvm_prf_cnts        
00002181  _c_int00_noargs               
000022a0  _ctypes_                      
UNDEFED   _system_post_cinit            
00002299  _system_pre_init              
0000229d  abort                         
00002029  atoi                          
ffffffff  binit                         
000021ff  copysign                      
000021ff  copysignl                     
20000200  errno                         
00001ec9  frexp                         
00001ec9  frexpl                        
00000000  g_pfnVectors                  
0000187d  ldexp                         
0000187d  ldexpl                        
000010a5  main                          
000021e3  memccpy                       
00001b3b  memcpy                        
00001d81  memset                        
0000187d  scalbn                        
0000187d  scalbnl                       
00002101  sprintf                       
00002231  strchr                        
00002247  strlen                        
0000225b  wcslen                        


GLOBAL SYMBOLS: SORTED BY Symbol Address 

address   name                          
-------   ----                          
00000000  __TI_static_base__            
00000000  g_pfnVectors                  
00000200  __STACK_SIZE                  
0000026d  __TI_printfi                  
00000cbb  __aeabi_idiv0                 
00000cbb  __aeabi_ldiv0                 
00000f2d  I2C_Init                      
00000f7d  UART0_Init                    
00000fd7  UART0_WriteChar               
00000ff3  UART0_WriteString             
0000100f  MPU6050_Init                  
0000103f  MPU6050_ReadAxis              
000010a5  main                          
0000132d  __aeabi_dsub                  
00001337  __aeabi_dadd                  
00001621  __aeabi_ddiv                  
0000187d  ldexp                         
0000187d  ldexpl                        
0000187d  scalbn                        
0000187d  scalbnl                       
0000198d  __aeabi_dmul                  
00001b3b  __aeabi_memcpy                
00001b3b  __aeabi_memcpy4               
00001b3b  __aeabi_memcpy8               
00001b3b  memcpy                        
00001bd7  __aeabi_uldivmod              
00001c6d  __aeabi_cdcmpeq               
00001c6d  __aeabi_cdcmple               
00001cf3  __aeabi_cdrcmple              
00001d79  __aeabi_memclr                
00001d79  __aeabi_memclr4               
00001d79  __aeabi_memclr8               
00001d7b  __aeabi_memset                
00001d7b  __aeabi_memset4               
00001d7b  __aeabi_memset8               
00001d81  memset                        
00001e61  __TI_decompress_lzss          
00001ec9  frexp                         
00001ec9  frexpl                        
00001f83  __TI_ltoa                     
00002029  atoi                          
00002075  __aeabi_d2iz                  
000020bd  __TI_auto_init_nobinit_nopinit
00002101  sprintf                       
00002181  _c_int00_noargs               
000021b5  __aeabi_i2d                   
000021e3  memccpy                       
000021ff  copysign                      
000021ff  copysignl                     
00002231  strchr                        
00002247  strlen                        
0000225b  wcslen                        
0000226d  __TI_decompress_none          
0000227b  ResetISR                      
00002291  __aeabi_errno_addr            
00002299  _system_pre_init              
0000229d  C$$EXIT                       
0000229d  abort                         
000022a0  _ctypes_                      
000023a8  __TI_Handler_Table_Base       
000023b0  __TI_Handler_Table_Limit      
000023b8  __TI_CINIT_Base               
000023c0  __TI_CINIT_Limit              
20000000  __stack                       
20000000  __start___llvm_prf_cnts       
20000000  __stop___llvm_prf_cnts        
20000200  __STACK_END                   
20000200  __STACK_TOP                   
20000200  errno                         
ffffffff  __TI_pprof_out_hndl           
ffffffff  __TI_prof_data_size           
ffffffff  __TI_prof_data_start          
ffffffff  __binit__                     
ffffffff  __c_args__                    
ffffffff  binit                         
UNDEFED   __mpu_init                    
UNDEFED   _system_post_cinit            

[77 symbols]
